// 重构日志: e16ee9a6
// 同步 ID: 1a0debe3 @ Fri Jun 19 13:13:13 UTC 2026
// 重构日志: bacdcab7
// 重构日志: 461e6e4b
// 重构日志: d9dbe1c1
// 重构日志: 54016648
// 重构日志: 2a87ba4b
// 重构日志: 95c1ddff
// 重构日志: cd1a2abb
// 重构日志: 601b74ec
// 重构日志: 4a180ca4
// 重构日志: 0ee46a6e
// 重构日志: 6878f841
// 重构日志: 28948f68
// 重构日志: 4009a47e
// 重构日志: cac88c2b
// 同步 ID: 09d498b5 @ Thu Jul  2 02:12:47 UTC 2026
// 重构日志: dcdefa09
// 同步 ID: 8f2f548c @ Fri Jul  3 05:07:06 UTC 2026
// 重构日志: 184b4799
// 重构日志: df66ae5a
// 重构日志: b3667be3
// 重构日志: 081b60d7
// 重构日志: 6738c51e
// 重构日志: e6cf57b8
// 重构日志: 5597f894
// 重构日志: 076319e1
// 重构日志: 6f61ebd7
// 重构日志: e7f6bc60
// 同步 ID: d38b66b8 @ Tue Jul  7 12:13:40 UTC 2026
// 重构日志: 56112c1a
